[{"Images_alt":"","Images_src":"http://testserver:12345/static/img/avataaars-1.svg","Names_text":"Merrill X. Dyer"},{"Images_alt":"","Images_src":"http://testserver:12345/static/img/avataaars-2.svg","Names_text":"Kato V. Weaver"},{"Images_alt":"","Images_src":"http://testserver:12345/static/img/avataaars-3.svg","Names_text":"Katelyn Huber"},{"Images_alt":"","Images_src":"http://testserver:12345/static/img/avataaars-4.svg","Names_text":"Fulton M. Kim"},{"Images_alt":"","Images_src":"http://testserver:12345/static/img/avataaars-5.svg","Names_text":"Magee Schultz"},{"Images_alt":"","Images_src":"http://testserver:12345/static/img/avataaars-6.svg","Names_text":"Athena K. Becker"},{"Images_alt":"","Images_src":"http://testserver:12345/static/img/avataaars-7.svg","Names_text":"Samson Boyer"},{"Images_alt":"","Images_src":"http://testserver:12345/static/img/avataaars-8.svg","Names_text":"Jordan Mueller"},{"Images_alt":"","Images_src":"http://testserver:12345/static/img/avataaars-9.svg","Names_text":"Myra Best"},{"Images_alt":"","Images_src":"http://testserver:12345/static/img/avataaars-10.svg","Names_text":"Quinlan T. Trujillo"}]